
> whatsapp-saas-frontend@1.0.0 build
> next build

[NextConfig] Proxying /api to http://localhost:3002
  Ôû▓ Next.js 14.2.35

   Creating an optimized production build ...
> [PWA] Compile server
> [PWA] Compile server
> [PWA] Compile client (static)
> [PWA] Auto register service worker with: C:\Users\Jean\OneDrive\Documentos\multiatendimento-app\frontend\node_modules\next-pwa\register.js
> [PWA] Service worker: C:\Users\Jean\OneDrive\Documentos\multiatendimento-app\frontend\public\sw.js
> [PWA]   url: /sw.js
> [PWA]   scope: /
 Ô£ô Compiled successfully
   Skipping linting
   Checking validity of types ...
node.exe : Failed to compile.
No linha:1 caractere:1
+ & "C:\Program Files\nodejs/node.exe" "C:\Program Files\nodejs/node_mo 
...
+ ~~~~~~~~~~~~~~~~~~~~~~~~~~~~~~~~~~~~~~~~~~~~~~~~~~~~~~~~~~~~~~~~~~~~~
    + CategoryInfo          : NotSpecified: (Failed to compile.:String) [ 
   ], RemoteException
    + FullyQualifiedErrorId : NativeCommandError
 

./src/app/dashboard/tickets/page.tsx:1233:61
Type error: Type '{ evaluation: any; compact: true; }' is not assignable 
to type 'IntrinsicAttributes & SentimentIndicatorProps'.
  Property 'evaluation' does not exist on type 'IntrinsicAttributes & 
SentimentIndicatorProps'.

[0m [90m 1231 |[39m                                 
{selectedTicket[33m.[39mevaluation [33m&&[39m ([0m
[0m [90m 1232 |[39m                                     
[33m<[39m[33mdiv[39m 
className[33m=[39m[32m"shrink-0"[39m[33m>[39m[0m
[0m[31m[1m>[22m[39m[90m 1233 |[39m                                 
        [33m<[39m[33mSentimentIndicator[39m 
evaluation[33m=[39m{selectedTicket[33m.[39mevaluation} compact 
[33m/[39m[33m>[39m[0m
[0m [90m      |[39m                                                    
         [31m[1m^[22m[39m[0m
[0m [90m 1234 |[39m                                     
[33m<[39m[33m/[39m[33mdiv[39m[33m>[39m[0m
[0m [90m 1235 |[39m                                 )}[0m
[0m [90m 1236 |[39m[0m
Next.js build worker exited with code: 1 and signal: null
