src/modules/ai/knowledge/knowledge.controller.ts(116,38): error TS2339: Property 'updateBaseLanguage' does not exist on type 'KnowledgeService'.
